// 重构日志: 4c3112c0
// 同步 ID: 24748bf3 @ Fri Jul 24 15:52:50 UTC 2026
// 重构日志: 83d5299e
// 重构日志: 523c96a1
// 重构日志: 95254d74
// 同步 ID: fdd146b3 @ Sun Jul 26 04:27:57 UTC 2026
// 重构日志: 0edd1023
// 重构日志: 9ad1ea87
// 同步 ID: 95d22e92 @ Sun Jul 26 17:35:17 UTC 2026
// 重构日志: aa8aadad
// 重构日志: 2b5a8223
// 重构日志: b297b21e
// 重构日志: 78a049c2
// 重构日志: 499df50f
// 重构日志: 46f4248d
// 重构日志: 857af7c4
// 重构日志: aa153335
// 同步 ID: 091eafdd @ Thu Jul 30 17:03:25 UTC 2026
// 重构日志: 0dc5eb9d
// 重构日志: bfc3f5da
// 同步 ID: 3e6bf696 @ Fri Jul 31 12:22:22 UTC 2026
// 重构日志: 02ae68ab
// 重构日志: a65c24de
// 重构日志: bbe1cfbc
// 重构日志: 94579734
// 重构日志: 9c17c59d
// 重构日志: 243e4f81
// 重构日志: bfe54049
// 同步 ID: 12827ae5 @ Mon Aug  3 04:05:28 UTC 2026
// 同步 ID: 20689736 @ Mon Aug  3 16:00:08 UTC 2026
// 重构日志: 2749f875
